2018-03-24 00:11:53 - Error on line 332 in C:\xampp\htdocs\peny\php\common\siteFunctions.php: 	C:/xampp/htdocs/peny/php/admin/navigation/Custom.css.php doesn't exist	 with code: 0
#0 C:\xampp\htdocs\peny\php\common\adminNavigation.php(9): exists_safe('C:/xampp/htdocs...')
#1 C:\xampp\htdocs\peny\php\admin\index.php(59): include('C:\\xampp\\htdocs...')
#2 C:\xampp\htdocs\peny\index.php(25): include('C:\\xampp\\htdocs...')
#3 {main}2018-03-24 00:11:59 - Error on line 332 in C:\xampp\htdocs\peny\php\common\siteFunctions.php: 	C:/xampp/htdocs/peny/php/admin/navigation/Custom.css.php doesn't exist	 with code: 0
#0 C:\xampp\htdocs\peny\php\common\adminNavigation.php(9): exists_safe('C:/xampp/htdocs...')
#1 C:\xampp\htdocs\peny\php\admin\index.php(59): include('C:\\xampp\\htdocs...')
#2 C:\xampp\htdocs\peny\index.php(25): include('C:\\xampp\\htdocs...')
#3 {main}2018-03-24 00:12:00 - Error on line 332 in C:\xampp\htdocs\peny\php\common\siteFunctions.php: 	C:/xampp/htdocs/peny/php/admin/navigation/Custom.css.php doesn't exist	 with code: 0
#0 C:\xampp\htdocs\peny\php\common\adminNavigation.php(9): exists_safe('C:/xampp/htdocs...')
#1 C:\xampp\htdocs\peny\php\admin\index.php(59): include('C:\\xampp\\htdocs...')
#2 C:\xampp\htdocs\peny\index.php(25): include('C:\\xampp\\htdocs...')
#3 {main}